2026-09-22 19:52:42 | INFO | Run fashion_mnist-linear-s2026-20260922-195242 | device cuda | torch 2.14.0+cu126 | git {'commit': '4255cd22b2646ade4032fc561812bbcb1670bf90', 'dirty': True, 'tag': None}
2026-09-22 19:52:42 | WARNING | Uncommitted changes present: commit before final runs for traceability.
2026-09-22 19:52:42 | INFO | Dataset fashion_mnist | split /home/benjamin/Documents/26/DL/CO3133-A1-draft/data/splits/fashion_mnist_split42_val0.1.json | train/val/test = 54000/6000/10000 | fingerprints {'train': '2378c8b39f1d0606', 'val': 'c3422ec2263f2769'}
2026-09-22 19:52:42 | INFO | Model linear | trainable parameters: 7,850
2026-09-22 19:52:45 | INFO | epoch   1 | lr 2.38e-06 | train loss 1.2006 acc 0.5744 | val loss 0.7756 acc 0.7292 macroF1 0.7234 | 3.3s  *best*
2026-09-22 19:52:46 | INFO | epoch   2 | lr 1.00e-03 | train loss 0.8310 acc 0.7071 | val loss 0.7121 acc 0.7568 macroF1 0.7473 | 1.0s  *best*
2026-09-22 19:52:47 | INFO | epoch   3 | lr 9.98e-04 | train loss 0.8133 acc 0.7141 | val loss 0.6974 acc 0.7497 macroF1 0.7450 | 0.9s
2026-09-22 19:52:48 | INFO | epoch   4 | lr 9.94e-04 | train loss 0.8053 acc 0.7184 | val loss 0.6843 acc 0.7593 macroF1 0.7525 | 0.9s  *best*
2026-09-22 19:52:49 | INFO | epoch   5 | lr 9.86e-04 | train loss 0.7991 acc 0.7211 | val loss 0.6907 acc 0.7637 macroF1 0.7603 | 1.0s  *best*
2026-09-22 19:52:50 | INFO | epoch   6 | lr 9.75e-04 | train loss 0.7989 acc 0.7212 | val loss 0.6811 acc 0.7650 macroF1 0.7603 | 0.9s  *best*
2026-09-22 19:52:51 | INFO | epoch   7 | lr 9.60e-04 | train loss 0.7945 acc 0.7240 | val loss 0.6813 acc 0.7648 macroF1 0.7640 | 0.9s  *best*
2026-09-22 19:52:52 | INFO | epoch   8 | lr 9.43e-04 | train loss 0.7953 acc 0.7220 | val loss 0.6889 acc 0.7617 macroF1 0.7599 | 1.0s
2026-09-22 19:52:53 | INFO | epoch   9 | lr 9.23e-04 | train loss 0.7951 acc 0.7217 | val loss 0.6758 acc 0.7710 macroF1 0.7686 | 0.9s  *best*
2026-09-22 19:52:54 | INFO | epoch  10 | lr 9.01e-04 | train loss 0.7904 acc 0.7231 | val loss 0.6657 acc 0.7775 macroF1 0.7755 | 0.9s  *best*
2026-09-22 19:52:55 | INFO | epoch  11 | lr 8.76e-04 | train loss 0.7908 acc 0.7252 | val loss 0.6737 acc 0.7705 macroF1 0.7618 | 1.0s
2026-09-22 19:52:56 | INFO | epoch  12 | lr 8.48e-04 | train loss 0.7897 acc 0.7232 | val loss 0.6747 acc 0.7672 macroF1 0.7661 | 1.0s
2026-09-22 19:52:57 | INFO | epoch  13 | lr 8.18e-04 | train loss 0.7869 acc 0.7270 | val loss 0.6789 acc 0.7630 macroF1 0.7530 | 0.9s
2026-09-22 19:52:58 | INFO | epoch  14 | lr 7.86e-04 | train loss 0.7824 acc 0.7267 | val loss 0.6689 acc 0.7693 macroF1 0.7628 | 1.0s
2026-09-22 19:52:59 | INFO | epoch  15 | lr 7.52e-04 | train loss 0.7866 acc 0.7270 | val loss 0.6796 acc 0.7698 macroF1 0.7672 | 0.9s
2026-09-22 19:53:00 | INFO | epoch  16 | lr 7.17e-04 | train loss 0.7868 acc 0.7280 | val loss 0.6651 acc 0.7788 macroF1 0.7756 | 0.9s  *best*
2026-09-22 19:53:01 | INFO | epoch  17 | lr 6.81e-04 | train loss 0.7839 acc 0.7268 | val loss 0.6843 acc 0.7633 macroF1 0.7619 | 0.9s
2026-09-22 19:53:02 | INFO | epoch  18 | lr 6.43e-04 | train loss 0.7836 acc 0.7298 | val loss 0.6734 acc 0.7667 macroF1 0.7651 | 0.8s
2026-09-22 19:53:03 | INFO | epoch  19 | lr 6.04e-04 | train loss 0.7808 acc 0.7303 | val loss 0.6621 acc 0.7777 macroF1 0.7744 | 1.0s
2026-09-22 19:53:04 | INFO | epoch  20 | lr 5.65e-04 | train loss 0.7803 acc 0.7291 | val loss 0.6754 acc 0.7695 macroF1 0.7614 | 0.9s
2026-09-22 19:53:05 | INFO | epoch  21 | lr 5.25e-04 | train loss 0.7782 acc 0.7303 | val loss 0.6631 acc 0.7725 macroF1 0.7683 | 0.9s
2026-09-22 19:53:06 | INFO | epoch  22 | lr 4.85e-04 | train loss 0.7798 acc 0.7302 | val loss 0.6673 acc 0.7777 macroF1 0.7733 | 0.8s
2026-09-22 19:53:07 | INFO | epoch  23 | lr 4.45e-04 | train loss 0.7750 acc 0.7320 | val loss 0.6746 acc 0.7705 macroF1 0.7680 | 0.9s
2026-09-22 19:53:08 | INFO | epoch  24 | lr 4.06e-04 | train loss 0.7752 acc 0.7326 | val loss 0.6683 acc 0.7723 macroF1 0.7713 | 0.9s
2026-09-22 19:53:09 | INFO | epoch  25 | lr 3.67e-04 | train loss 0.7721 acc 0.7320 | val loss 0.6637 acc 0.7798 macroF1 0.7765 | 0.9s  *best*
2026-09-22 19:53:10 | INFO | epoch  26 | lr 3.29e-04 | train loss 0.7699 acc 0.7340 | val loss 0.6692 acc 0.7690 macroF1 0.7643 | 0.9s
2026-09-22 19:53:11 | INFO | epoch  27 | lr 2.93e-04 | train loss 0.7715 acc 0.7345 | val loss 0.6582 acc 0.7765 macroF1 0.7754 | 0.9s
2026-09-22 19:53:12 | INFO | epoch  28 | lr 2.58e-04 | train loss 0.7656 acc 0.7353 | val loss 0.6580 acc 0.7785 macroF1 0.7747 | 0.9s
2026-09-22 19:53:13 | INFO | epoch  29 | lr 2.24e-04 | train loss 0.7664 acc 0.7362 | val loss 0.6605 acc 0.7743 macroF1 0.7705 | 0.9s
2026-09-22 19:53:14 | INFO | epoch  30 | lr 1.92e-04 | train loss 0.7646 acc 0.7367 | val loss 0.6631 acc 0.7742 macroF1 0.7681 | 0.9s
2026-09-22 19:53:15 | INFO | epoch  31 | lr 1.62e-04 | train loss 0.7657 acc 0.7343 | val loss 0.6610 acc 0.7762 macroF1 0.7748 | 0.9s
2026-09-22 19:53:16 | INFO | epoch  32 | lr 1.34e-04 | train loss 0.7665 acc 0.7367 | val loss 0.6595 acc 0.7752 macroF1 0.7722 | 0.9s
2026-09-22 19:53:17 | INFO | epoch  33 | lr 1.09e-04 | train loss 0.7656 acc 0.7360 | val loss 0.6620 acc 0.7743 macroF1 0.7717 | 0.9s
2026-09-22 19:53:18 | INFO | epoch  34 | lr 8.66e-05 | train loss 0.7612 acc 0.7373 | val loss 0.6637 acc 0.7765 macroF1 0.7731 | 0.9s
2026-09-22 19:53:19 | INFO | epoch  35 | lr 6.67e-05 | train loss 0.7599 acc 0.7376 | val loss 0.6617 acc 0.7758 macroF1 0.7716 | 0.9s
2026-09-22 19:53:19 | INFO | Early stopping: no improvement in val_macro_f1 for 10 epochs.
2026-09-22 19:53:19 | INFO | Best epoch 25 | val macroF1 0.7765 | val acc 0.7798 | train time 34.4s
2026-09-22 19:53:22 | INFO | [test] acc 0.7592 (95% CI 0.7509-0.7677) | macroF1 0.7560 (95% CI 0.7479-0.7640) | throughput 15940403 img/s | latency bs1 0.02 ms
2026-09-22 19:53:22 | INFO | Done: /home/benjamin/Documents/26/DL/CO3133-A1-draft/outputs/runs/fashion_mnist/linear/seed2026
