2026-09-22 20:16:40 | INFO | Run fashion_mnist-cnn_no_aug-s123-20260922-201640 | device cuda | torch 2.14.0+cu126 | git {'commit': '4255cd22b2646ade4032fc561812bbcb1670bf90', 'dirty': True, 'tag': None}
2026-09-22 20:16:40 | WARNING | Uncommitted changes present: commit before final runs for traceability.
2026-09-22 20:16:40 | INFO | Dataset fashion_mnist | split /home/benjamin/Documents/26/DL/CO3133-A1-draft/data/splits/fashion_mnist_split42_val0.1.json | train/val/test = 54000/6000/10000 | fingerprints {'train': '2378c8b39f1d0606', 'val': 'c3422ec2263f2769'}
2026-09-22 20:16:40 | INFO | Model cnn | trainable parameters: 288,170
2026-09-22 20:16:45 | INFO | epoch   1 | lr 2.38e-06 | train loss 0.8388 acc 0.7072 | val loss 0.3472 acc 0.8738 macroF1 0.8728 | 5.0s  *best*
2026-09-22 20:16:48 | INFO | epoch   2 | lr 1.00e-03 | train loss 0.3674 acc 0.8679 | val loss 0.2687 acc 0.9022 macroF1 0.9004 | 2.4s  *best*
2026-09-22 20:16:50 | INFO | epoch   3 | lr 9.98e-04 | train loss 0.2949 acc 0.8931 | val loss 0.2187 acc 0.9195 macroF1 0.9185 | 2.4s  *best*
2026-09-22 20:16:53 | INFO | epoch   4 | lr 9.94e-04 | train loss 0.2582 acc 0.9070 | val loss 0.2202 acc 0.9130 macroF1 0.9108 | 2.4s
2026-09-22 20:16:55 | INFO | epoch   5 | lr 9.86e-04 | train loss 0.2321 acc 0.9163 | val loss 0.2019 acc 0.9247 macroF1 0.9248 | 2.5s  *best*
2026-09-22 20:16:58 | INFO | epoch   6 | lr 9.75e-04 | train loss 0.2110 acc 0.9242 | val loss 0.1813 acc 0.9347 macroF1 0.9348 | 2.4s  *best*
2026-09-22 20:17:00 | INFO | epoch   7 | lr 9.60e-04 | train loss 0.1970 acc 0.9292 | val loss 0.1942 acc 0.9278 macroF1 0.9268 | 2.3s
2026-09-22 20:17:03 | INFO | epoch   8 | lr 9.43e-04 | train loss 0.1811 acc 0.9349 | val loss 0.1702 acc 0.9362 macroF1 0.9356 | 2.3s  *best*
2026-09-22 20:17:05 | INFO | epoch   9 | lr 9.23e-04 | train loss 0.1691 acc 0.9391 | val loss 0.1711 acc 0.9362 macroF1 0.9360 | 2.4s  *best*
2026-09-22 20:17:08 | INFO | epoch  10 | lr 9.01e-04 | train loss 0.1586 acc 0.9419 | val loss 0.1821 acc 0.9357 macroF1 0.9354 | 2.3s
2026-09-22 20:17:10 | INFO | epoch  11 | lr 8.76e-04 | train loss 0.1506 acc 0.9449 | val loss 0.1632 acc 0.9428 macroF1 0.9431 | 2.3s  *best*
2026-09-22 20:17:13 | INFO | epoch  12 | lr 8.48e-04 | train loss 0.1360 acc 0.9503 | val loss 0.1673 acc 0.9400 macroF1 0.9406 | 2.3s
2026-09-22 20:17:15 | INFO | epoch  13 | lr 8.18e-04 | train loss 0.1244 acc 0.9549 | val loss 0.1678 acc 0.9407 macroF1 0.9400 | 2.3s
2026-09-22 20:17:17 | INFO | epoch  14 | lr 7.86e-04 | train loss 0.1173 acc 0.9578 | val loss 0.1744 acc 0.9388 macroF1 0.9396 | 2.3s
2026-09-22 20:17:20 | INFO | epoch  15 | lr 7.52e-04 | train loss 0.1105 acc 0.9596 | val loss 0.1655 acc 0.9422 macroF1 0.9425 | 2.3s
2026-09-22 20:17:22 | INFO | epoch  16 | lr 7.17e-04 | train loss 0.1003 acc 0.9630 | val loss 0.1675 acc 0.9415 macroF1 0.9415 | 2.4s
2026-09-22 20:17:25 | INFO | epoch  17 | lr 6.81e-04 | train loss 0.0909 acc 0.9664 | val loss 0.1655 acc 0.9448 macroF1 0.9447 | 2.4s  *best*
2026-09-22 20:17:27 | INFO | epoch  18 | lr 6.43e-04 | train loss 0.0832 acc 0.9695 | val loss 0.1701 acc 0.9462 macroF1 0.9461 | 2.4s  *best*
2026-09-22 20:17:30 | INFO | epoch  19 | lr 6.04e-04 | train loss 0.0775 acc 0.9718 | val loss 0.1722 acc 0.9437 macroF1 0.9438 | 2.5s
2026-09-22 20:17:33 | INFO | epoch  20 | lr 5.65e-04 | train loss 0.0687 acc 0.9747 | val loss 0.1760 acc 0.9432 macroF1 0.9429 | 2.5s
2026-09-22 20:17:35 | INFO | epoch  21 | lr 5.25e-04 | train loss 0.0639 acc 0.9776 | val loss 0.1924 acc 0.9442 macroF1 0.9444 | 2.5s
2026-09-22 20:17:38 | INFO | epoch  22 | lr 4.85e-04 | train loss 0.0575 acc 0.9793 | val loss 0.1953 acc 0.9425 macroF1 0.9432 | 2.4s
2026-09-22 20:17:40 | INFO | epoch  23 | lr 4.45e-04 | train loss 0.0508 acc 0.9821 | val loss 0.1965 acc 0.9433 macroF1 0.9434 | 2.3s
2026-09-22 20:17:43 | INFO | epoch  24 | lr 4.06e-04 | train loss 0.0477 acc 0.9835 | val loss 0.1862 acc 0.9473 macroF1 0.9474 | 2.3s  *best*
2026-09-22 20:17:45 | INFO | epoch  25 | lr 3.67e-04 | train loss 0.0415 acc 0.9860 | val loss 0.2017 acc 0.9458 macroF1 0.9459 | 2.3s
2026-09-22 20:17:48 | INFO | epoch  26 | lr 3.29e-04 | train loss 0.0383 acc 0.9860 | val loss 0.2053 acc 0.9445 macroF1 0.9444 | 2.4s
2026-09-22 20:17:50 | INFO | epoch  27 | lr 2.93e-04 | train loss 0.0348 acc 0.9881 | val loss 0.2085 acc 0.9453 macroF1 0.9457 | 2.4s
2026-09-22 20:17:53 | INFO | epoch  28 | lr 2.58e-04 | train loss 0.0318 acc 0.9893 | val loss 0.2126 acc 0.9445 macroF1 0.9446 | 2.4s
2026-09-22 20:17:55 | INFO | epoch  29 | lr 2.24e-04 | train loss 0.0285 acc 0.9902 | val loss 0.2100 acc 0.9450 macroF1 0.9452 | 2.3s
2026-09-22 20:17:58 | INFO | epoch  30 | lr 1.92e-04 | train loss 0.0261 acc 0.9913 | val loss 0.2137 acc 0.9465 macroF1 0.9465 | 2.3s
2026-09-22 20:18:00 | INFO | epoch  31 | lr 1.62e-04 | train loss 0.0240 acc 0.9921 | val loss 0.2204 acc 0.9443 macroF1 0.9445 | 2.5s
2026-09-22 20:18:03 | INFO | epoch  32 | lr 1.34e-04 | train loss 0.0217 acc 0.9927 | val loss 0.2194 acc 0.9445 macroF1 0.9446 | 2.3s
2026-09-22 20:18:05 | INFO | epoch  33 | lr 1.09e-04 | train loss 0.0201 acc 0.9934 | val loss 0.2235 acc 0.9462 macroF1 0.9463 | 2.4s
2026-09-22 20:18:08 | INFO | epoch  34 | lr 8.66e-05 | train loss 0.0192 acc 0.9937 | val loss 0.2255 acc 0.9462 macroF1 0.9463 | 2.6s
2026-09-22 20:18:08 | INFO | Early stopping: no improvement in val_macro_f1 for 10 epochs.
2026-09-22 20:18:08 | INFO | Best epoch 24 | val macroF1 0.9474 | val acc 0.9473 | train time 83.6s
2026-09-22 20:18:12 | INFO | [test] acc 0.9395 (95% CI 0.9349-0.9443) | macroF1 0.9395 (95% CI 0.9349-0.9441) | throughput 65518 img/s | latency bs1 0.37 ms
2026-09-22 20:18:12 | INFO | Done: /home/benjamin/Documents/26/DL/CO3133-A1-draft/outputs/runs/fashion_mnist/cnn_no_aug/seed123
