2026-09-22 20:04:11 | INFO | Run fashion_mnist-gru-s2026-20260922-200411 | device cuda | torch 2.14.0+cu126 | git {'commit': '4255cd22b2646ade4032fc561812bbcb1670bf90', 'dirty': True, 'tag': None}
2026-09-22 20:04:11 | WARNING | Uncommitted changes present: commit before final runs for traceability.
2026-09-22 20:04:11 | INFO | Dataset fashion_mnist | split /home/benjamin/Documents/26/DL/CO3133-A1-draft/data/splits/fashion_mnist_split42_val0.1.json | train/val/test = 54000/6000/10000 | fingerprints {'train': '2378c8b39f1d0606', 'val': 'c3422ec2263f2769'}
2026-09-22 20:04:11 | INFO | Model gru | trainable parameters: 161,034
2026-09-22 20:04:15 | INFO | epoch   1 | lr 2.38e-06 | train loss 1.2946 acc 0.5244 | val loss 0.6612 acc 0.7535 macroF1 0.7459 | 3.6s  *best*
2026-09-22 20:04:16 | INFO | epoch   2 | lr 1.00e-03 | train loss 0.6026 acc 0.7763 | val loss 0.4583 acc 0.8288 macroF1 0.8255 | 1.1s  *best*
2026-09-22 20:04:17 | INFO | epoch   3 | lr 9.98e-04 | train loss 0.4900 acc 0.8165 | val loss 0.4054 acc 0.8522 macroF1 0.8505 | 1.1s  *best*
2026-09-22 20:04:18 | INFO | epoch   4 | lr 9.94e-04 | train loss 0.4415 acc 0.8358 | val loss 0.3827 acc 0.8527 macroF1 0.8508 | 1.1s  *best*
2026-09-22 20:04:20 | INFO | epoch   5 | lr 9.86e-04 | train loss 0.4185 acc 0.8435 | val loss 0.3512 acc 0.8693 macroF1 0.8696 | 1.2s  *best*
2026-09-22 20:04:21 | INFO | epoch   6 | lr 9.75e-04 | train loss 0.3910 acc 0.8538 | val loss 0.3292 acc 0.8752 macroF1 0.8744 | 1.2s  *best*
2026-09-22 20:04:22 | INFO | epoch   7 | lr 9.60e-04 | train loss 0.3726 acc 0.8600 | val loss 0.3349 acc 0.8765 macroF1 0.8776 | 1.2s  *best*
2026-09-22 20:04:23 | INFO | epoch   8 | lr 9.43e-04 | train loss 0.3635 acc 0.8631 | val loss 0.3101 acc 0.8827 macroF1 0.8823 | 1.1s  *best*
2026-09-22 20:04:24 | INFO | epoch   9 | lr 9.23e-04 | train loss 0.3496 acc 0.8692 | val loss 0.3015 acc 0.8898 macroF1 0.8887 | 1.1s  *best*
2026-09-22 20:04:26 | INFO | epoch  10 | lr 9.01e-04 | train loss 0.3400 acc 0.8717 | val loss 0.2887 acc 0.8928 macroF1 0.8928 | 1.2s  *best*
2026-09-22 20:04:27 | INFO | epoch  11 | lr 8.76e-04 | train loss 0.3285 acc 0.8778 | val loss 0.2907 acc 0.8908 macroF1 0.8893 | 1.1s
2026-09-22 20:04:28 | INFO | epoch  12 | lr 8.48e-04 | train loss 0.3236 acc 0.8777 | val loss 0.2848 acc 0.8950 macroF1 0.8945 | 1.2s  *best*
2026-09-22 20:04:29 | INFO | epoch  13 | lr 8.18e-04 | train loss 0.3109 acc 0.8841 | val loss 0.2843 acc 0.8920 macroF1 0.8919 | 1.1s
2026-09-22 20:04:31 | INFO | epoch  14 | lr 7.86e-04 | train loss 0.3030 acc 0.8877 | val loss 0.2738 acc 0.8975 macroF1 0.8969 | 1.2s  *best*
2026-09-22 20:04:32 | INFO | epoch  15 | lr 7.52e-04 | train loss 0.3011 acc 0.8879 | val loss 0.2785 acc 0.8970 macroF1 0.8975 | 1.2s  *best*
2026-09-22 20:04:33 | INFO | epoch  16 | lr 7.17e-04 | train loss 0.2924 acc 0.8915 | val loss 0.2711 acc 0.8977 macroF1 0.8976 | 1.1s  *best*
2026-09-22 20:04:34 | INFO | epoch  17 | lr 6.81e-04 | train loss 0.2871 acc 0.8910 | val loss 0.2616 acc 0.9017 macroF1 0.9018 | 1.0s  *best*
2026-09-22 20:04:35 | INFO | epoch  18 | lr 6.43e-04 | train loss 0.2798 acc 0.8944 | val loss 0.2627 acc 0.9043 macroF1 0.9049 | 1.1s  *best*
2026-09-22 20:04:36 | INFO | epoch  19 | lr 6.04e-04 | train loss 0.2780 acc 0.8958 | val loss 0.2485 acc 0.9095 macroF1 0.9091 | 1.1s  *best*
2026-09-22 20:04:38 | INFO | epoch  20 | lr 5.65e-04 | train loss 0.2696 acc 0.8988 | val loss 0.2530 acc 0.9068 macroF1 0.9062 | 1.1s
2026-09-22 20:04:39 | INFO | epoch  21 | lr 5.25e-04 | train loss 0.2664 acc 0.8992 | val loss 0.2524 acc 0.9053 macroF1 0.9049 | 1.1s
2026-09-22 20:04:40 | INFO | epoch  22 | lr 4.85e-04 | train loss 0.2580 acc 0.9038 | val loss 0.2511 acc 0.9093 macroF1 0.9089 | 1.1s
2026-09-22 20:04:41 | INFO | epoch  23 | lr 4.45e-04 | train loss 0.2541 acc 0.9052 | val loss 0.2422 acc 0.9105 macroF1 0.9108 | 1.1s  *best*
2026-09-22 20:04:42 | INFO | epoch  24 | lr 4.06e-04 | train loss 0.2498 acc 0.9073 | val loss 0.2391 acc 0.9122 macroF1 0.9124 | 1.0s  *best*
2026-09-22 20:04:43 | INFO | epoch  25 | lr 3.67e-04 | train loss 0.2475 acc 0.9078 | val loss 0.2384 acc 0.9123 macroF1 0.9119 | 1.1s
2026-09-22 20:04:44 | INFO | epoch  26 | lr 3.29e-04 | train loss 0.2437 acc 0.9080 | val loss 0.2382 acc 0.9137 macroF1 0.9137 | 1.0s  *best*
2026-09-22 20:04:45 | INFO | epoch  27 | lr 2.93e-04 | train loss 0.2370 acc 0.9117 | val loss 0.2371 acc 0.9145 macroF1 0.9142 | 1.0s  *best*
2026-09-22 20:04:47 | INFO | epoch  28 | lr 2.58e-04 | train loss 0.2348 acc 0.9132 | val loss 0.2363 acc 0.9145 macroF1 0.9143 | 1.0s  *best*
2026-09-22 20:04:48 | INFO | epoch  29 | lr 2.24e-04 | train loss 0.2327 acc 0.9135 | val loss 0.2380 acc 0.9112 macroF1 0.9107 | 1.1s
2026-09-22 20:04:49 | INFO | epoch  30 | lr 1.92e-04 | train loss 0.2276 acc 0.9150 | val loss 0.2339 acc 0.9175 macroF1 0.9174 | 1.0s  *best*
2026-09-22 20:04:50 | INFO | epoch  31 | lr 1.62e-04 | train loss 0.2258 acc 0.9167 | val loss 0.2324 acc 0.9167 macroF1 0.9167 | 1.0s
2026-09-22 20:04:51 | INFO | epoch  32 | lr 1.34e-04 | train loss 0.2239 acc 0.9160 | val loss 0.2314 acc 0.9175 macroF1 0.9176 | 1.0s  *best*
2026-09-22 20:04:52 | INFO | epoch  33 | lr 1.09e-04 | train loss 0.2216 acc 0.9165 | val loss 0.2321 acc 0.9170 macroF1 0.9169 | 1.0s
2026-09-22 20:04:53 | INFO | epoch  34 | lr 8.66e-05 | train loss 0.2178 acc 0.9195 | val loss 0.2318 acc 0.9178 macroF1 0.9177 | 1.1s  *best*
2026-09-22 20:04:54 | INFO | epoch  35 | lr 6.67e-05 | train loss 0.2191 acc 0.9185 | val loss 0.2295 acc 0.9187 macroF1 0.9186 | 1.0s  *best*
2026-09-22 20:04:56 | INFO | epoch  36 | lr 4.96e-05 | train loss 0.2193 acc 0.9184 | val loss 0.2295 acc 0.9178 macroF1 0.9179 | 1.1s
2026-09-22 20:04:57 | INFO | epoch  37 | lr 3.55e-05 | train loss 0.2160 acc 0.9197 | val loss 0.2291 acc 0.9180 macroF1 0.9179 | 1.2s
2026-09-22 20:04:58 | INFO | epoch  38 | lr 2.44e-05 | train loss 0.2147 acc 0.9204 | val loss 0.2283 acc 0.9185 macroF1 0.9183 | 1.1s
2026-09-22 20:04:59 | INFO | epoch  39 | lr 1.64e-05 | train loss 0.2167 acc 0.9195 | val loss 0.2286 acc 0.9180 macroF1 0.9179 | 1.0s
2026-09-22 20:05:00 | INFO | epoch  40 | lr 1.16e-05 | train loss 0.2115 acc 0.9212 | val loss 0.2285 acc 0.9187 macroF1 0.9187 | 1.1s  *best*
2026-09-22 20:05:01 | INFO | Best epoch 40 | val macroF1 0.9187 | val acc 0.9187 | train time 46.5s
2026-09-22 20:05:04 | INFO | [test] acc 0.9095 (95% CI 0.9038-0.9154) | macroF1 0.9094 (95% CI 0.9039-0.9149) | throughput 211481 img/s | latency bs1 0.17 ms
2026-09-22 20:05:04 | INFO | Done: /home/benjamin/Documents/26/DL/CO3133-A1-draft/outputs/runs/fashion_mnist/gru/seed2026
