2026-09-22 21:14:27 | INFO | Run cifar10-gru-s123-20260922-211426 | device cuda | torch 2.14.0+cu126 | git {'commit': '4255cd22b2646ade4032fc561812bbcb1670bf90', 'dirty': True, 'tag': None}
2026-09-22 21:14:27 | WARNING | Uncommitted changes present: commit before final runs for traceability.
2026-09-22 21:14:27 | INFO | Dataset cifar10 | split /home/benjamin/Documents/26/DL/CO3133-A1-draft/data/splits/cifar10_split42_val0.1.json | train/val/test = 45000/5000/10000 | fingerprints {'train': 'b99301bfd9655f1c', 'val': '280540fcdfde8a41'}
2026-09-22 21:14:27 | INFO | Model gru | trainable parameters: 669,194
2026-09-22 21:14:31 | INFO | epoch   1 | lr 2.85e-06 | train loss 1.9551 acc 0.2694 | val loss 1.6558 acc 0.3852 macroF1 0.3653 | 4.0s  *best*
2026-09-22 21:14:33 | INFO | epoch   2 | lr 1.00e-03 | train loss 1.5716 acc 0.4240 | val loss 1.4425 acc 0.4712 macroF1 0.4633 | 1.5s  *best*
2026-09-22 21:14:35 | INFO | epoch   3 | lr 9.99e-04 | train loss 1.3930 acc 0.4943 | val loss 1.3115 acc 0.5300 macroF1 0.5190 | 1.5s  *best*
2026-09-22 21:14:36 | INFO | epoch   4 | lr 9.97e-04 | train loss 1.2836 acc 0.5353 | val loss 1.2219 acc 0.5602 macroF1 0.5540 | 1.4s  *best*
2026-09-22 21:14:38 | INFO | epoch   5 | lr 9.94e-04 | train loss 1.2012 acc 0.5666 | val loss 1.1568 acc 0.5814 macroF1 0.5805 | 1.5s  *best*
2026-09-22 21:14:39 | INFO | epoch   6 | lr 9.89e-04 | train loss 1.1446 acc 0.5898 | val loss 1.0987 acc 0.6048 macroF1 0.6019 | 1.5s  *best*
2026-09-22 21:14:41 | INFO | epoch   7 | lr 9.83e-04 | train loss 1.0959 acc 0.6066 | val loss 1.0635 acc 0.6182 macroF1 0.6125 | 1.5s  *best*
2026-09-22 21:14:42 | INFO | epoch   8 | lr 9.75e-04 | train loss 1.0447 acc 0.6259 | val loss 1.0669 acc 0.6174 macroF1 0.6131 | 1.5s  *best*
2026-09-22 21:14:44 | INFO | epoch   9 | lr 9.66e-04 | train loss 1.0114 acc 0.6399 | val loss 1.0004 acc 0.6424 macroF1 0.6402 | 1.5s  *best*
2026-09-22 21:14:46 | INFO | epoch  10 | lr 9.56e-04 | train loss 0.9728 acc 0.6538 | val loss 1.0155 acc 0.6332 macroF1 0.6294 | 1.6s
2026-09-22 21:14:47 | INFO | epoch  11 | lr 9.44e-04 | train loss 0.9467 acc 0.6634 | val loss 0.9631 acc 0.6544 macroF1 0.6501 | 1.5s  *best*
2026-09-22 21:14:49 | INFO | epoch  12 | lr 9.31e-04 | train loss 0.9146 acc 0.6744 | val loss 0.9639 acc 0.6572 macroF1 0.6563 | 1.5s  *best*
2026-09-22 21:14:51 | INFO | epoch  13 | lr 9.17e-04 | train loss 0.8912 acc 0.6852 | val loss 0.9323 acc 0.6702 macroF1 0.6686 | 1.5s  *best*
2026-09-22 21:14:52 | INFO | epoch  14 | lr 9.02e-04 | train loss 0.8656 acc 0.6933 | val loss 0.9309 acc 0.6710 macroF1 0.6690 | 1.5s  *best*
2026-09-22 21:14:54 | INFO | epoch  15 | lr 8.86e-04 | train loss 0.8422 acc 0.7041 | val loss 0.9163 acc 0.6710 macroF1 0.6676 | 1.5s
2026-09-22 21:14:55 | INFO | epoch  16 | lr 8.69e-04 | train loss 0.8258 acc 0.7080 | val loss 0.9202 acc 0.6744 macroF1 0.6698 | 1.5s  *best*
2026-09-22 21:14:57 | INFO | epoch  17 | lr 8.50e-04 | train loss 0.7995 acc 0.7153 | val loss 0.9150 acc 0.6772 macroF1 0.6794 | 1.5s  *best*
2026-09-22 21:14:59 | INFO | epoch  18 | lr 8.31e-04 | train loss 0.7833 acc 0.7220 | val loss 0.9204 acc 0.6808 macroF1 0.6787 | 1.5s
2026-09-22 21:15:00 | INFO | epoch  19 | lr 8.11e-04 | train loss 0.7621 acc 0.7313 | val loss 0.9020 acc 0.6844 macroF1 0.6835 | 1.5s  *best*
2026-09-22 21:15:02 | INFO | epoch  20 | lr 7.90e-04 | train loss 0.7372 acc 0.7396 | val loss 0.9150 acc 0.6810 macroF1 0.6780 | 1.5s
2026-09-22 21:15:03 | INFO | epoch  21 | lr 7.68e-04 | train loss 0.7236 acc 0.7438 | val loss 0.9093 acc 0.6876 macroF1 0.6844 | 1.5s  *best*
2026-09-22 21:15:05 | INFO | epoch  22 | lr 7.45e-04 | train loss 0.7083 acc 0.7482 | val loss 0.9009 acc 0.6922 macroF1 0.6920 | 1.5s  *best*
2026-09-22 21:15:07 | INFO | epoch  23 | lr 7.21e-04 | train loss 0.6926 acc 0.7537 | val loss 0.8911 acc 0.6938 macroF1 0.6915 | 1.5s
2026-09-22 21:15:08 | INFO | epoch  24 | lr 6.97e-04 | train loss 0.6787 acc 0.7604 | val loss 0.8908 acc 0.6950 macroF1 0.6937 | 1.5s  *best*
2026-09-22 21:15:10 | INFO | epoch  25 | lr 6.73e-04 | train loss 0.6563 acc 0.7701 | val loss 0.8986 acc 0.6916 macroF1 0.6914 | 1.5s
2026-09-22 21:15:12 | INFO | epoch  26 | lr 6.48e-04 | train loss 0.6424 acc 0.7737 | val loss 0.9002 acc 0.7006 macroF1 0.6993 | 1.5s  *best*
2026-09-22 21:15:13 | INFO | epoch  27 | lr 6.22e-04 | train loss 0.6267 acc 0.7777 | val loss 0.8992 acc 0.6964 macroF1 0.6950 | 1.5s
2026-09-22 21:15:15 | INFO | epoch  28 | lr 5.97e-04 | train loss 0.6103 acc 0.7860 | val loss 0.8930 acc 0.7038 macroF1 0.7028 | 1.5s  *best*
2026-09-22 21:15:16 | INFO | epoch  29 | lr 5.71e-04 | train loss 0.5904 acc 0.7920 | val loss 0.9009 acc 0.7038 macroF1 0.7029 | 1.5s  *best*
2026-09-22 21:15:18 | INFO | epoch  30 | lr 5.44e-04 | train loss 0.5732 acc 0.7964 | val loss 0.9067 acc 0.7024 macroF1 0.7010 | 1.4s
2026-09-22 21:15:19 | INFO | epoch  31 | lr 5.18e-04 | train loss 0.5682 acc 0.7997 | val loss 0.9108 acc 0.7028 macroF1 0.7012 | 1.5s
2026-09-22 21:15:21 | INFO | epoch  32 | lr 4.92e-04 | train loss 0.5533 acc 0.8057 | val loss 0.9089 acc 0.7028 macroF1 0.7014 | 1.6s
2026-09-22 21:15:23 | INFO | epoch  33 | lr 4.66e-04 | train loss 0.5341 acc 0.8107 | val loss 0.9056 acc 0.7058 macroF1 0.7063 | 1.6s  *best*
2026-09-22 21:15:24 | INFO | epoch  34 | lr 4.39e-04 | train loss 0.5200 acc 0.8169 | val loss 0.8984 acc 0.7110 macroF1 0.7105 | 1.5s  *best*
2026-09-22 21:15:26 | INFO | epoch  35 | lr 4.13e-04 | train loss 0.5103 acc 0.8204 | val loss 0.9125 acc 0.7072 macroF1 0.7061 | 1.4s
2026-09-22 21:15:28 | INFO | epoch  36 | lr 3.88e-04 | train loss 0.4931 acc 0.8245 | val loss 0.9305 acc 0.7120 macroF1 0.7100 | 1.5s
2026-09-22 21:15:29 | INFO | epoch  37 | lr 3.62e-04 | train loss 0.4795 acc 0.8311 | val loss 0.9394 acc 0.7056 macroF1 0.7050 | 1.5s
2026-09-22 21:15:31 | INFO | epoch  38 | lr 3.37e-04 | train loss 0.4753 acc 0.8326 | val loss 0.9380 acc 0.7056 macroF1 0.7053 | 1.5s
2026-09-22 21:15:32 | INFO | epoch  39 | lr 3.13e-04 | train loss 0.4571 acc 0.8393 | val loss 0.9412 acc 0.7018 macroF1 0.7010 | 1.4s
2026-09-22 21:15:34 | INFO | epoch  40 | lr 2.89e-04 | train loss 0.4475 acc 0.8433 | val loss 0.9578 acc 0.7058 macroF1 0.7041 | 1.5s
2026-09-22 21:15:36 | INFO | epoch  41 | lr 2.65e-04 | train loss 0.4338 acc 0.8475 | val loss 0.9461 acc 0.7038 macroF1 0.7037 | 1.6s
2026-09-22 21:15:37 | INFO | epoch  42 | lr 2.42e-04 | train loss 0.4289 acc 0.8492 | val loss 0.9572 acc 0.7072 macroF1 0.7074 | 1.5s
2026-09-22 21:15:39 | INFO | epoch  43 | lr 2.20e-04 | train loss 0.4168 acc 0.8547 | val loss 0.9593 acc 0.7044 macroF1 0.7038 | 1.5s
2026-09-22 21:15:40 | INFO | epoch  44 | lr 1.99e-04 | train loss 0.4080 acc 0.8569 | val loss 0.9696 acc 0.7062 macroF1 0.7064 | 1.5s
2026-09-22 21:15:42 | INFO | epoch  45 | lr 1.79e-04 | train loss 0.3969 acc 0.8603 | val loss 0.9745 acc 0.7098 macroF1 0.7094 | 1.5s
2026-09-22 21:15:44 | INFO | epoch  46 | lr 1.60e-04 | train loss 0.3886 acc 0.8637 | val loss 0.9804 acc 0.7096 macroF1 0.7084 | 1.6s
2026-09-22 21:15:45 | INFO | epoch  47 | lr 1.41e-04 | train loss 0.3879 acc 0.8643 | val loss 0.9866 acc 0.7102 macroF1 0.7101 | 1.6s
2026-09-22 21:15:47 | INFO | epoch  48 | lr 1.24e-04 | train loss 0.3733 acc 0.8695 | val loss 0.9785 acc 0.7086 macroF1 0.7079 | 1.3s
2026-09-22 21:15:48 | INFO | epoch  49 | lr 1.08e-04 | train loss 0.3680 acc 0.8705 | val loss 0.9827 acc 0.7112 macroF1 0.7106 | 1.5s  *best*
2026-09-22 21:15:50 | INFO | epoch  50 | lr 9.25e-05 | train loss 0.3595 acc 0.8733 | val loss 0.9809 acc 0.7150 macroF1 0.7144 | 1.6s  *best*
2026-09-22 21:15:52 | INFO | epoch  51 | lr 7.85e-05 | train loss 0.3597 acc 0.8736 | val loss 0.9826 acc 0.7152 macroF1 0.7149 | 1.6s  *best*
2026-09-22 21:15:53 | INFO | epoch  52 | lr 6.58e-05 | train loss 0.3539 acc 0.8766 | val loss 0.9853 acc 0.7114 macroF1 0.7114 | 1.5s
2026-09-22 21:15:55 | INFO | epoch  53 | lr 5.42e-05 | train loss 0.3514 acc 0.8787 | val loss 0.9960 acc 0.7108 macroF1 0.7106 | 1.6s
2026-09-22 21:15:57 | INFO | epoch  54 | lr 4.40e-05 | train loss 0.3462 acc 0.8806 | val loss 0.9918 acc 0.7106 macroF1 0.7102 | 1.5s
2026-09-22 21:15:58 | INFO | epoch  55 | lr 3.50e-05 | train loss 0.3412 acc 0.8825 | val loss 0.9933 acc 0.7092 macroF1 0.7091 | 1.4s
2026-09-22 21:16:00 | INFO | epoch  56 | lr 2.74e-05 | train loss 0.3411 acc 0.8806 | val loss 0.9972 acc 0.7092 macroF1 0.7092 | 1.4s
2026-09-22 21:16:01 | INFO | epoch  57 | lr 2.12e-05 | train loss 0.3363 acc 0.8835 | val loss 0.9980 acc 0.7126 macroF1 0.7128 | 1.4s
2026-09-22 21:16:03 | INFO | epoch  58 | lr 1.63e-05 | train loss 0.3393 acc 0.8837 | val loss 0.9990 acc 0.7116 macroF1 0.7115 | 1.4s
2026-09-22 21:16:04 | INFO | epoch  59 | lr 1.28e-05 | train loss 0.3355 acc 0.8828 | val loss 0.9992 acc 0.7116 macroF1 0.7115 | 1.6s
2026-09-22 21:16:06 | INFO | epoch  60 | lr 1.07e-05 | train loss 0.3370 acc 0.8823 | val loss 1.0005 acc 0.7110 macroF1 0.7108 | 1.7s
2026-09-22 21:16:07 | INFO | Best epoch 51 | val macroF1 0.7149 | val acc 0.7152 | train time 93.0s
2026-09-22 21:16:11 | INFO | [test] acc 0.7143 (95% CI 0.7052-0.7237) | macroF1 0.7137 (95% CI 0.7049-0.7228) | throughput 127736 img/s | latency bs1 0.44 ms
2026-09-22 21:16:11 | INFO | Done: /home/benjamin/Documents/26/DL/CO3133-A1-draft/outputs/runs/cifar10/gru/seed123
