2026-09-22 21:06:56 | INFO | Run cifar10-lstm-s42-20260922-210655 | device cuda | torch 2.14.0+cu126 | git {'commit': '4255cd22b2646ade4032fc561812bbcb1670bf90', 'dirty': True, 'tag': None}
2026-09-22 21:06:56 | WARNING | Uncommitted changes present: commit before final runs for traceability.
2026-09-22 21:06:56 | INFO | Dataset cifar10 | split /home/benjamin/Documents/26/DL/CO3133-A1-draft/data/splits/cifar10_split42_val0.1.json | train/val/test = 45000/5000/10000 | fingerprints {'train': 'b99301bfd9655f1c', 'val': '280540fcdfde8a41'}
2026-09-22 21:06:56 | INFO | Model lstm | trainable parameters: 891,402
2026-09-22 21:07:01 | INFO | epoch   1 | lr 2.85e-06 | train loss 1.9677 acc 0.2653 | val loss 1.6937 acc 0.3770 macroF1 0.3458 | 4.2s  *best*
2026-09-22 21:07:02 | INFO | epoch   2 | lr 1.00e-03 | train loss 1.6465 acc 0.3947 | val loss 1.5094 acc 0.4488 macroF1 0.4481 | 1.6s  *best*
2026-09-22 21:07:04 | INFO | epoch   3 | lr 9.99e-04 | train loss 1.4994 acc 0.4533 | val loss 1.4075 acc 0.4948 macroF1 0.4870 | 1.6s  *best*
2026-09-22 21:07:06 | INFO | epoch   4 | lr 9.97e-04 | train loss 1.4007 acc 0.4910 | val loss 1.3241 acc 0.5134 macroF1 0.5130 | 1.6s  *best*
2026-09-22 21:07:08 | INFO | epoch   5 | lr 9.94e-04 | train loss 1.3211 acc 0.5238 | val loss 1.2590 acc 0.5464 macroF1 0.5452 | 1.6s  *best*
2026-09-22 21:07:09 | INFO | epoch   6 | lr 9.89e-04 | train loss 1.2545 acc 0.5469 | val loss 1.2458 acc 0.5610 macroF1 0.5591 | 1.6s  *best*
2026-09-22 21:07:11 | INFO | epoch   7 | lr 9.83e-04 | train loss 1.2016 acc 0.5669 | val loss 1.1752 acc 0.5764 macroF1 0.5705 | 1.6s  *best*
2026-09-22 21:07:13 | INFO | epoch   8 | lr 9.75e-04 | train loss 1.1535 acc 0.5884 | val loss 1.1299 acc 0.5934 macroF1 0.5902 | 1.6s  *best*
2026-09-22 21:07:15 | INFO | epoch   9 | lr 9.66e-04 | train loss 1.1037 acc 0.6028 | val loss 1.0896 acc 0.6092 macroF1 0.6070 | 1.7s  *best*
2026-09-22 21:07:16 | INFO | epoch  10 | lr 9.56e-04 | train loss 1.0676 acc 0.6172 | val loss 1.0800 acc 0.6104 macroF1 0.6069 | 1.6s
2026-09-22 21:07:18 | INFO | epoch  11 | lr 9.44e-04 | train loss 1.0304 acc 0.6319 | val loss 1.0570 acc 0.6174 macroF1 0.6165 | 1.6s  *best*
2026-09-22 21:07:20 | INFO | epoch  12 | lr 9.31e-04 | train loss 0.9935 acc 0.6436 | val loss 1.0392 acc 0.6276 macroF1 0.6270 | 1.6s  *best*
2026-09-22 21:07:22 | INFO | epoch  13 | lr 9.17e-04 | train loss 0.9631 acc 0.6568 | val loss 1.0229 acc 0.6362 macroF1 0.6339 | 1.6s  *best*
2026-09-22 21:07:23 | INFO | epoch  14 | lr 9.02e-04 | train loss 0.9348 acc 0.6646 | val loss 1.0016 acc 0.6482 macroF1 0.6483 | 1.6s  *best*
2026-09-22 21:07:25 | INFO | epoch  15 | lr 8.86e-04 | train loss 0.9014 acc 0.6802 | val loss 0.9942 acc 0.6460 macroF1 0.6451 | 1.5s
2026-09-22 21:07:27 | INFO | epoch  16 | lr 8.69e-04 | train loss 0.8781 acc 0.6880 | val loss 0.9816 acc 0.6594 macroF1 0.6576 | 1.7s  *best*
2026-09-22 21:07:28 | INFO | epoch  17 | lr 8.50e-04 | train loss 0.8553 acc 0.6963 | val loss 0.9684 acc 0.6568 macroF1 0.6558 | 1.6s
2026-09-22 21:07:30 | INFO | epoch  18 | lr 8.31e-04 | train loss 0.8258 acc 0.7075 | val loss 0.9778 acc 0.6618 macroF1 0.6610 | 1.5s  *best*
2026-09-22 21:07:32 | INFO | epoch  19 | lr 8.11e-04 | train loss 0.8020 acc 0.7163 | val loss 0.9706 acc 0.6670 macroF1 0.6656 | 1.6s  *best*
2026-09-22 21:07:33 | INFO | epoch  20 | lr 7.90e-04 | train loss 0.7784 acc 0.7242 | val loss 0.9739 acc 0.6574 macroF1 0.6588 | 1.6s
2026-09-22 21:07:35 | INFO | epoch  21 | lr 7.68e-04 | train loss 0.7527 acc 0.7334 | val loss 0.9747 acc 0.6650 macroF1 0.6644 | 1.6s
2026-09-22 21:07:37 | INFO | epoch  22 | lr 7.45e-04 | train loss 0.7343 acc 0.7397 | val loss 0.9796 acc 0.6694 macroF1 0.6697 | 1.7s  *best*
2026-09-22 21:07:39 | INFO | epoch  23 | lr 7.21e-04 | train loss 0.7170 acc 0.7463 | val loss 0.9663 acc 0.6668 macroF1 0.6655 | 1.6s
2026-09-22 21:07:40 | INFO | epoch  24 | lr 6.97e-04 | train loss 0.6871 acc 0.7562 | val loss 0.9662 acc 0.6764 macroF1 0.6754 | 1.6s  *best*
2026-09-22 21:07:42 | INFO | epoch  25 | lr 6.73e-04 | train loss 0.6719 acc 0.7609 | val loss 0.9682 acc 0.6682 macroF1 0.6687 | 1.7s
2026-09-22 21:07:44 | INFO | epoch  26 | lr 6.48e-04 | train loss 0.6473 acc 0.7708 | val loss 0.9770 acc 0.6720 macroF1 0.6706 | 1.6s
2026-09-22 21:07:46 | INFO | epoch  27 | lr 6.22e-04 | train loss 0.6289 acc 0.7780 | val loss 0.9692 acc 0.6762 macroF1 0.6747 | 1.7s
2026-09-22 21:07:48 | INFO | epoch  28 | lr 5.97e-04 | train loss 0.6102 acc 0.7839 | val loss 0.9699 acc 0.6764 macroF1 0.6780 | 1.7s  *best*
2026-09-22 21:07:49 | INFO | epoch  29 | lr 5.71e-04 | train loss 0.5893 acc 0.7932 | val loss 0.9609 acc 0.6882 macroF1 0.6868 | 1.6s  *best*
2026-09-22 21:07:51 | INFO | epoch  30 | lr 5.44e-04 | train loss 0.5727 acc 0.7962 | val loss 0.9803 acc 0.6854 macroF1 0.6849 | 1.6s
2026-09-22 21:07:53 | INFO | epoch  31 | lr 5.18e-04 | train loss 0.5547 acc 0.8065 | val loss 0.9807 acc 0.6830 macroF1 0.6834 | 1.6s
2026-09-22 21:07:55 | INFO | epoch  32 | lr 4.92e-04 | train loss 0.5294 acc 0.8137 | val loss 0.9866 acc 0.6864 macroF1 0.6874 | 1.7s  *best*
2026-09-22 21:07:56 | INFO | epoch  33 | lr 4.66e-04 | train loss 0.5142 acc 0.8169 | val loss 0.9925 acc 0.6892 macroF1 0.6874 | 1.7s
2026-09-22 21:07:58 | INFO | epoch  34 | lr 4.39e-04 | train loss 0.4975 acc 0.8258 | val loss 1.0124 acc 0.6898 macroF1 0.6898 | 1.6s  *best*
2026-09-22 21:08:00 | INFO | epoch  35 | lr 4.13e-04 | train loss 0.4829 acc 0.8303 | val loss 1.0055 acc 0.6844 macroF1 0.6839 | 1.6s
2026-09-22 21:08:01 | INFO | epoch  36 | lr 3.88e-04 | train loss 0.4662 acc 0.8366 | val loss 1.0230 acc 0.6852 macroF1 0.6850 | 1.6s
2026-09-22 21:08:03 | INFO | epoch  37 | lr 3.62e-04 | train loss 0.4574 acc 0.8412 | val loss 1.0380 acc 0.6876 macroF1 0.6865 | 1.6s
2026-09-22 21:08:05 | INFO | epoch  38 | lr 3.37e-04 | train loss 0.4379 acc 0.8465 | val loss 1.0491 acc 0.6910 macroF1 0.6898 | 1.6s  *best*
2026-09-22 21:08:07 | INFO | epoch  39 | lr 3.13e-04 | train loss 0.4204 acc 0.8511 | val loss 1.0430 acc 0.6894 macroF1 0.6902 | 1.6s  *best*
2026-09-22 21:08:08 | INFO | epoch  40 | lr 2.89e-04 | train loss 0.4098 acc 0.8590 | val loss 1.0539 acc 0.6866 macroF1 0.6864 | 1.6s
2026-09-22 21:08:10 | INFO | epoch  41 | lr 2.65e-04 | train loss 0.3994 acc 0.8615 | val loss 1.0557 acc 0.6950 macroF1 0.6954 | 1.6s  *best*
2026-09-22 21:08:12 | INFO | epoch  42 | lr 2.42e-04 | train loss 0.3765 acc 0.8691 | val loss 1.0638 acc 0.6976 macroF1 0.6963 | 1.6s  *best*
2026-09-22 21:08:13 | INFO | epoch  43 | lr 2.20e-04 | train loss 0.3760 acc 0.8677 | val loss 1.0817 acc 0.6918 macroF1 0.6904 | 1.6s
2026-09-22 21:08:15 | INFO | epoch  44 | lr 1.99e-04 | train loss 0.3652 acc 0.8734 | val loss 1.0927 acc 0.6918 macroF1 0.6915 | 1.6s
2026-09-22 21:08:17 | INFO | epoch  45 | lr 1.79e-04 | train loss 0.3537 acc 0.8784 | val loss 1.1089 acc 0.6910 macroF1 0.6909 | 1.6s
2026-09-22 21:08:19 | INFO | epoch  46 | lr 1.60e-04 | train loss 0.3443 acc 0.8805 | val loss 1.1081 acc 0.6956 macroF1 0.6950 | 1.7s
2026-09-22 21:08:20 | INFO | epoch  47 | lr 1.41e-04 | train loss 0.3327 acc 0.8830 | val loss 1.1032 acc 0.6938 macroF1 0.6937 | 1.6s
2026-09-22 21:08:22 | INFO | epoch  48 | lr 1.24e-04 | train loss 0.3253 acc 0.8868 | val loss 1.1220 acc 0.6912 macroF1 0.6918 | 1.6s
2026-09-22 21:08:24 | INFO | epoch  49 | lr 1.08e-04 | train loss 0.3171 acc 0.8889 | val loss 1.1220 acc 0.6906 macroF1 0.6910 | 1.6s
2026-09-22 21:08:26 | INFO | epoch  50 | lr 9.25e-05 | train loss 0.3111 acc 0.8931 | val loss 1.1269 acc 0.6930 macroF1 0.6934 | 1.7s
2026-09-22 21:08:27 | INFO | epoch  51 | lr 7.85e-05 | train loss 0.3058 acc 0.8952 | val loss 1.1369 acc 0.6912 macroF1 0.6916 | 1.7s
2026-09-22 21:08:29 | INFO | epoch  52 | lr 6.58e-05 | train loss 0.2969 acc 0.8990 | val loss 1.1405 acc 0.6904 macroF1 0.6905 | 1.7s
2026-09-22 21:08:31 | INFO | epoch  53 | lr 5.42e-05 | train loss 0.2964 acc 0.8972 | val loss 1.1470 acc 0.6916 macroF1 0.6919 | 1.6s
2026-09-22 21:08:33 | INFO | epoch  54 | lr 4.40e-05 | train loss 0.2930 acc 0.8992 | val loss 1.1506 acc 0.6934 macroF1 0.6938 | 1.6s
2026-09-22 21:08:34 | INFO | epoch  55 | lr 3.50e-05 | train loss 0.2930 acc 0.8993 | val loss 1.1551 acc 0.6922 macroF1 0.6923 | 1.6s
2026-09-22 21:08:36 | INFO | epoch  56 | lr 2.74e-05 | train loss 0.2920 acc 0.8988 | val loss 1.1532 acc 0.6912 macroF1 0.6913 | 1.7s
2026-09-22 21:08:38 | INFO | epoch  57 | lr 2.12e-05 | train loss 0.2850 acc 0.9009 | val loss 1.1556 acc 0.6912 macroF1 0.6913 | 1.6s
2026-09-22 21:08:38 | INFO | Early stopping: no improvement in val_macro_f1 for 15 epochs.
2026-09-22 21:08:38 | INFO | Best epoch 42 | val macroF1 0.6963 | val acc 0.6976 | train time 95.3s
2026-09-22 21:08:42 | INFO | [test] acc 0.6862 (95% CI 0.6776-0.6951) | macroF1 0.6846 (95% CI 0.6763-0.6929) | throughput 94446 img/s | latency bs1 0.50 ms
2026-09-22 21:08:42 | INFO | Done: /home/benjamin/Documents/26/DL/CO3133-A1-draft/outputs/runs/cifar10/lstm/seed42
