2026-09-22 20:38:02 | INFO | Run fashion_mnist-transformer_rows-s2026-20260922-203802 | device cuda | torch 2.14.0+cu126 | git {'commit': '4255cd22b2646ade4032fc561812bbcb1670bf90', 'dirty': True, 'tag': None}
2026-09-22 20:38:02 | WARNING | Uncommitted changes present: commit before final runs for traceability.
2026-09-22 20:38:02 | INFO | Dataset fashion_mnist | split /home/benjamin/Documents/26/DL/CO3133-A1-draft/data/splits/fashion_mnist_split42_val0.1.json | train/val/test = 54000/6000/10000 | fingerprints {'train': '2378c8b39f1d0606', 'val': 'c3422ec2263f2769'}
2026-09-22 20:38:02 | INFO | Model transformer | trainable parameters: 305,962
2026-09-22 20:38:08 | INFO | epoch   1 | lr 7.92e-07 | train loss 1.3286 acc 0.5480 | val loss 0.7761 acc 0.7235 macroF1 0.7140 | 5.5s  *best*
2026-09-22 20:38:11 | INFO | epoch   2 | lr 3.34e-04 | train loss 0.6988 acc 0.7430 | val loss 0.5240 acc 0.8102 macroF1 0.8061 | 2.8s  *best*
2026-09-22 20:38:14 | INFO | epoch   3 | lr 6.67e-04 | train loss 0.5863 acc 0.7801 | val loss 0.4663 acc 0.8348 macroF1 0.8306 | 3.0s  *best*
2026-09-22 20:38:17 | INFO | epoch   4 | lr 1.00e-03 | train loss 0.5268 acc 0.8049 | val loss 0.4148 acc 0.8437 macroF1 0.8418 | 2.9s  *best*
2026-09-22 20:38:20 | INFO | epoch   5 | lr 9.98e-04 | train loss 0.4889 acc 0.8181 | val loss 0.4126 acc 0.8440 macroF1 0.8435 | 2.9s  *best*
2026-09-22 20:38:23 | INFO | epoch   6 | lr 9.93e-04 | train loss 0.4604 acc 0.8281 | val loss 0.3859 acc 0.8560 macroF1 0.8546 | 2.9s  *best*
2026-09-22 20:38:26 | INFO | epoch   7 | lr 9.84e-04 | train loss 0.4403 acc 0.8356 | val loss 0.3546 acc 0.8682 macroF1 0.8667 | 2.9s  *best*
2026-09-22 20:38:29 | INFO | epoch   8 | lr 9.72e-04 | train loss 0.4237 acc 0.8416 | val loss 0.3591 acc 0.8667 macroF1 0.8650 | 2.9s
2026-09-22 20:38:33 | INFO | epoch   9 | lr 9.56e-04 | train loss 0.4112 acc 0.8460 | val loss 0.3504 acc 0.8710 macroF1 0.8694 | 3.1s  *best*
2026-09-22 20:38:36 | INFO | epoch  10 | lr 9.37e-04 | train loss 0.3996 acc 0.8503 | val loss 0.3382 acc 0.8773 macroF1 0.8755 | 3.0s  *best*
2026-09-22 20:38:39 | INFO | epoch  11 | lr 9.15e-04 | train loss 0.3896 acc 0.8548 | val loss 0.3244 acc 0.8835 macroF1 0.8821 | 2.9s  *best*
2026-09-22 20:38:42 | INFO | epoch  12 | lr 8.90e-04 | train loss 0.3812 acc 0.8579 | val loss 0.3143 acc 0.8825 macroF1 0.8825 | 3.1s  *best*
2026-09-22 20:38:45 | INFO | epoch  13 | lr 8.62e-04 | train loss 0.3680 acc 0.8627 | val loss 0.3049 acc 0.8865 macroF1 0.8848 | 2.9s  *best*
2026-09-22 20:38:48 | INFO | epoch  14 | lr 8.32e-04 | train loss 0.3602 acc 0.8653 | val loss 0.3027 acc 0.8903 macroF1 0.8879 | 3.0s  *best*
2026-09-22 20:38:51 | INFO | epoch  15 | lr 7.99e-04 | train loss 0.3514 acc 0.8684 | val loss 0.3096 acc 0.8892 macroF1 0.8886 | 3.0s  *best*
2026-09-22 20:38:54 | INFO | epoch  16 | lr 7.65e-04 | train loss 0.3454 acc 0.8704 | val loss 0.3046 acc 0.8925 macroF1 0.8918 | 2.9s  *best*
2026-09-22 20:38:57 | INFO | epoch  17 | lr 7.28e-04 | train loss 0.3390 acc 0.8740 | val loss 0.2812 acc 0.8960 macroF1 0.8962 | 2.9s  *best*
2026-09-22 20:39:01 | INFO | epoch  18 | lr 6.90e-04 | train loss 0.3308 acc 0.8776 | val loss 0.2953 acc 0.8930 macroF1 0.8931 | 2.9s
2026-09-22 20:39:04 | INFO | epoch  19 | lr 6.50e-04 | train loss 0.3232 acc 0.8785 | val loss 0.2777 acc 0.8955 macroF1 0.8957 | 2.9s
2026-09-22 20:39:07 | INFO | epoch  20 | lr 6.09e-04 | train loss 0.3161 acc 0.8815 | val loss 0.2884 acc 0.8958 macroF1 0.8948 | 3.1s
2026-09-22 20:39:10 | INFO | epoch  21 | lr 5.68e-04 | train loss 0.3107 acc 0.8825 | val loss 0.2785 acc 0.8973 macroF1 0.8958 | 3.0s
2026-09-22 20:39:13 | INFO | epoch  22 | lr 5.26e-04 | train loss 0.3033 acc 0.8861 | val loss 0.2652 acc 0.8998 macroF1 0.8997 | 3.0s  *best*
2026-09-22 20:39:16 | INFO | epoch  23 | lr 4.84e-04 | train loss 0.2960 acc 0.8883 | val loss 0.2545 acc 0.9040 macroF1 0.9033 | 2.9s  *best*
2026-09-22 20:39:19 | INFO | epoch  24 | lr 4.42e-04 | train loss 0.2898 acc 0.8919 | val loss 0.2584 acc 0.9032 macroF1 0.9036 | 3.1s  *best*
2026-09-22 20:39:22 | INFO | epoch  25 | lr 4.01e-04 | train loss 0.2859 acc 0.8929 | val loss 0.2545 acc 0.9058 macroF1 0.9050 | 3.0s  *best*
2026-09-22 20:39:26 | INFO | epoch  26 | lr 3.60e-04 | train loss 0.2787 acc 0.8946 | val loss 0.2585 acc 0.9055 macroF1 0.9046 | 2.9s
2026-09-22 20:39:29 | INFO | epoch  27 | lr 3.20e-04 | train loss 0.2731 acc 0.8962 | val loss 0.2469 acc 0.9088 macroF1 0.9089 | 2.9s  *best*
2026-09-22 20:39:32 | INFO | epoch  28 | lr 2.82e-04 | train loss 0.2642 acc 0.9000 | val loss 0.2512 acc 0.9063 macroF1 0.9061 | 2.9s
2026-09-22 20:39:35 | INFO | epoch  29 | lr 2.45e-04 | train loss 0.2613 acc 0.9008 | val loss 0.2415 acc 0.9120 macroF1 0.9121 | 2.9s  *best*
2026-09-22 20:39:38 | INFO | epoch  30 | lr 2.11e-04 | train loss 0.2554 acc 0.9035 | val loss 0.2381 acc 0.9127 macroF1 0.9122 | 2.9s  *best*
2026-09-22 20:39:41 | INFO | epoch  31 | lr 1.78e-04 | train loss 0.2512 acc 0.9055 | val loss 0.2365 acc 0.9135 macroF1 0.9140 | 2.9s  *best*
2026-09-22 20:39:44 | INFO | epoch  32 | lr 1.48e-04 | train loss 0.2459 acc 0.9075 | val loss 0.2364 acc 0.9133 macroF1 0.9129 | 3.1s
2026-09-22 20:39:47 | INFO | epoch  33 | lr 1.20e-04 | train loss 0.2429 acc 0.9088 | val loss 0.2343 acc 0.9150 macroF1 0.9147 | 3.1s  *best*
2026-09-22 20:39:50 | INFO | epoch  34 | lr 9.49e-05 | train loss 0.2402 acc 0.9096 | val loss 0.2371 acc 0.9130 macroF1 0.9126 | 3.0s
2026-09-22 20:39:54 | INFO | epoch  35 | lr 7.29e-05 | train loss 0.2362 acc 0.9111 | val loss 0.2295 acc 0.9147 macroF1 0.9144 | 2.9s
2026-09-22 20:39:57 | INFO | epoch  36 | lr 5.39e-05 | train loss 0.2376 acc 0.9096 | val loss 0.2295 acc 0.9168 macroF1 0.9164 | 2.9s  *best*
2026-09-22 20:40:00 | INFO | epoch  37 | lr 3.83e-05 | train loss 0.2315 acc 0.9131 | val loss 0.2319 acc 0.9160 macroF1 0.9157 | 3.0s
2026-09-22 20:40:03 | INFO | epoch  38 | lr 2.60e-05 | train loss 0.2292 acc 0.9141 | val loss 0.2295 acc 0.9168 macroF1 0.9166 | 2.9s  *best*
2026-09-22 20:40:06 | INFO | epoch  39 | lr 1.71e-05 | train loss 0.2281 acc 0.9146 | val loss 0.2301 acc 0.9163 macroF1 0.9161 | 2.9s
2026-09-22 20:40:09 | INFO | epoch  40 | lr 1.18e-05 | train loss 0.2250 acc 0.9146 | val loss 0.2293 acc 0.9168 macroF1 0.9167 | 3.0s  *best*
2026-09-22 20:40:09 | INFO | Best epoch 40 | val macroF1 0.9167 | val acc 0.9168 | train time 120.4s
2026-09-22 20:40:13 | INFO | [test] acc 0.9092 (95% CI 0.9036-0.9148) | macroF1 0.9090 (95% CI 0.9036-0.9142) | throughput 52877 img/s | latency bs1 0.85 ms
2026-09-22 20:40:13 | INFO | Done: /home/benjamin/Documents/26/DL/CO3133-A1-draft/outputs/runs/fashion_mnist/transformer_rows/seed2026
